--------------- Clean Started: 10/08/2026 21:36:15 Project: Design01, Configuration: ARM GCC 5.4-2016-q2-update Debug ---------------
Deleting file ".\CortexM0\ARM_GCC_541\Debug\main.o"
Deleting file ".\CortexM0\ARM_GCC_541\Debug\cyfitter_cfg.o"
Deleting file ".\CortexM0\ARM_GCC_541\Debug\cymetadata.o"
Deleting file ".\CortexM0\ARM_GCC_541\Debug\UART_1.o"
Deleting file ".\CortexM0\ARM_GCC_541\Debug\UART_1_SPI_UART.o"
Deleting file ".\CortexM0\ARM_GCC_541\Debug\UART_1_SPI_UART_INT.o"
Deleting file ".\CortexM0\ARM_GCC_541\Debug\UART_1_PM.o"
Deleting file ".\CortexM0\ARM_GCC_541\Debug\UART_1_UART.o"
Deleting file ".\CortexM0\ARM_GCC_541\Debug\UART_1_BOOT.o"
Deleting file ".\CortexM0\ARM_GCC_541\Debug\UART_1_UART_BOOT.o"
Deleting file ".\CortexM0\ARM_GCC_541\Debug\HOST_CLK.o"
Deleting file ".\CortexM0\ARM_GCC_541\Debug\HOST_CLK_PM.o"
Deleting file ".\CortexM0\ARM_GCC_541\Debug\rx.o"
Deleting file ".\CortexM0\ARM_GCC_541\Debug\rx_PM.o"
Deleting file ".\CortexM0\ARM_GCC_541\Debug\tx.o"
Deleting file ".\CortexM0\ARM_GCC_541\Debug\tx_PM.o"
Deleting file ".\CortexM0\ARM_GCC_541\Debug\UART_1_SCBCLK.o"
Deleting file ".\CortexM0\ARM_GCC_541\Debug\Cm0Start.o"
Deleting file ".\CortexM0\ARM_GCC_541\Debug\CyFlash.o"
Deleting file ".\CortexM0\ARM_GCC_541\Debug\CyLib.o"
Deleting file ".\CortexM0\ARM_GCC_541\Debug\cyPm.o"
Deleting file ".\CortexM0\ARM_GCC_541\Debug\cyutils.o"
Deleting file ".\CortexM0\ARM_GCC_541\Debug\CyBootAsmGnu.o"
Deleting file ".\CortexM0\ARM_GCC_541\Debug\CyLFClk.o"
Deleting file ".\CortexM0\ARM_GCC_541\Debug\cy_em_eeprom.o"
Deleting file ".\CortexM0\ARM_GCC_541\Debug\LED_REQ.o"
Deleting file ".\CortexM0\ARM_GCC_541\Debug\LED_REQ_PM.o"
Deleting file ".\CortexM0\ARM_GCC_541\Debug\LED_RSP.o"
Deleting file ".\CortexM0\ARM_GCC_541\Debug\LED_RSP_PM.o"
Deleting file ".\CortexM0\ARM_GCC_541\Debug\CARD_CMD.o"
Deleting file ".\CortexM0\ARM_GCC_541\Debug\CARD_CMD_PM.o"
Deleting file ".\CortexM0\ARM_GCC_541\Debug\CMD_DET_ISR.o"
Deleting file ".\CortexM0\ARM_GCC_541\Debug\PSOC_CMD.o"
Deleting file ".\CortexM0\ARM_GCC_541\Debug\PSOC_CMD_PM.o"
Deleting file ".\CortexM0\ARM_GCC_541\Debug\SW_IN.o"
Deleting file ".\CortexM0\ARM_GCC_541\Debug\SW_IN_PM.o"
Deleting file ".\CortexM0\ARM_GCC_541\Debug\BYTE_REQ_ISR.o"
Deleting file ".\CortexM0\ARM_GCC_541\Debug\Design01.hex"
Deleting file ".\CortexM0\ARM_GCC_541\Debug\Design01.elf"
Deleting file ".\CortexM0\ARM_GCC_541\Debug\Design01.map"
Deleting file ".\Design01.cycdx"
Deleting file ".\Design01.svd"
Deleting file ".\Design01.rpt"
Deleting file ".\Design01_timing.html"
Deleting file ".\CortexM0\ARM_GCC_541\Debug\.deps\SOURCE_C__ARM_GCC_GENERIC.P"
Deleting file ".\CortexM0\ARM_GCC_541\Debug\.deps\SOURCE_ASM__ARM_GCC_GENERIC.P"
--------------- Clean Succeeded: 10/08/2026 21:36:15 ---------------
