--------------- Rebuild Started: 09/30/2026 22:24:46 Project: Design01, Configuration: ARM GCC 5.4-2016-q2-update Debug ---------------
Deleting file ".\CortexM0\ARM_GCC_541\Debug\main.o"
Deleting file ".\CortexM0\ARM_GCC_541\Debug\cyfitter_cfg.o"
Deleting file ".\CortexM0\ARM_GCC_541\Debug\cymetadata.o"
Deleting file ".\CortexM0\ARM_GCC_541\Debug\UART_1.o"
Deleting file ".\CortexM0\ARM_GCC_541\Debug\UART_1_SPI_UART.o"
Deleting file ".\CortexM0\ARM_GCC_541\Debug\UART_1_SPI_UART_INT.o"
Deleting file ".\CortexM0\ARM_GCC_541\Debug\UART_1_PM.o"
Deleting file ".\CortexM0\ARM_GCC_541\Debug\UART_1_UART.o"
Deleting file ".\CortexM0\ARM_GCC_541\Debug\UART_1_BOOT.o"
Deleting file ".\CortexM0\ARM_GCC_541\Debug\UART_1_UART_BOOT.o"
Deleting file ".\CortexM0\ARM_GCC_541\Debug\Status_Reg_1.o"
Deleting file ".\CortexM0\ARM_GCC_541\Debug\Clock_1.o"
Deleting file ".\CortexM0\ARM_GCC_541\Debug\HOST_CLK.o"
Deleting file ".\CortexM0\ARM_GCC_541\Debug\HOST_CLK_PM.o"
Deleting file ".\CortexM0\ARM_GCC_541\Debug\HOST_CMD.o"
Deleting file ".\CortexM0\ARM_GCC_541\Debug\HOST_CMD_PM.o"
Deleting file ".\CortexM0\ARM_GCC_541\Debug\rx.o"
Deleting file ".\CortexM0\ARM_GCC_541\Debug\rx_PM.o"
Deleting file ".\CortexM0\ARM_GCC_541\Debug\tx.o"
Deleting file ".\CortexM0\ARM_GCC_541\Debug\tx_PM.o"
Deleting file ".\CortexM0\ARM_GCC_541\Debug\UART_1_SCBCLK.o"
Deleting file ".\CortexM0\ARM_GCC_541\Debug\Cm0Start.o"
Deleting file ".\CortexM0\ARM_GCC_541\Debug\CyFlash.o"
Deleting file ".\CortexM0\ARM_GCC_541\Debug\CyLib.o"
Deleting file ".\CortexM0\ARM_GCC_541\Debug\cyPm.o"
Deleting file ".\CortexM0\ARM_GCC_541\Debug\cyutils.o"
Deleting file ".\CortexM0\ARM_GCC_541\Debug\CyBootAsmGnu.o"
Deleting file ".\CortexM0\ARM_GCC_541\Debug\CyLFClk.o"
Deleting file ".\CortexM0\ARM_GCC_541\Debug\cy_em_eeprom.o"
Deleting file ".\CortexM0\ARM_GCC_541\Debug\Design01.hex"
Deleting file ".\CortexM0\ARM_GCC_541\Debug\Design01.elf"
Deleting file ".\CortexM0\ARM_GCC_541\Debug\Design01.map"
Deleting file ".\Design01.cycdx"
Deleting file ".\Design01.svd"
Deleting file ".\Design01.rpt"
Deleting file ".\Design01_timing.html"
Deleting file ".\CortexM0\ARM_GCC_541\Debug\.deps\SOURCE_C__ARM_GCC_GENERIC.P"
Deleting file ".\CortexM0\ARM_GCC_541\Debug\.deps\SOURCE_ASM__ARM_GCC_GENERIC.P"
cydsfit.exe -.appdatapath "C:\Users\vboxuser\AppData\Local\Cypress Semiconductor\PSoC Creator\4.4" -.fdsnotice -.fdswarpdepfile=warp_dependencies.txt -.fdselabdepfile=elab_dependencies.txt -.fdsbldfile=generated_files.txt -.fdsreffile=referenced_files.txt -p Z:\Design01.cydsn\Design01.cyprj -d CY8C4245AXI-483 -s Z:\Design01.cydsn\Generated_Source\PSoC4 -- -yv2 -q10 -ygs -o2 -v3 -.fftcfgtype=LE
Elaborating Design...
HDL Generation...
Synthesis...
Tech Mapping...
ADD: pft.M0040: information: The following 2 pin(s) will be assigned a location by the fitter: rx(0), tx(0)
Analog Placement...
Analog Routing...
Analog Code Generation...
Digital Placement...
Digital Routing...
Bitstream Generation...
Bitstream Verification...
Static timing analysis...
API Generation...
Dependency Generation...
Cleanup...
arm-none-eabi-gcc.exe -mcpu=cortex-m0 -mthumb -I. -IGenerated_Source\PSoC4 -Wa,-alh=.\CortexM0\ARM_GCC_541\Debug/main.lst -g -D DEBUG -D CY_CORE_ID=0 -Wall -ffunction-sections -ffat-lto-objects -Og -c main.c -o .\CortexM0\ARM_GCC_541\Debug\main.o
main.c: In function 'main':
main.c:17:25: error: 'Status_Reg_1_sts_sts_reg__STATUS_REG' undeclared (first use in this function)
 #define SD_STATUS_ADDR  Status_Reg_1_sts_sts_reg__STATUS_REG
                         ^
main.c:41:24: note: in expansion of macro 'SD_STATUS_ADDR'
     uart_hex8((uint8)((SD_STATUS_ADDR) >> 8u));
                        ^
main.c:17:25: note: each undeclared identifier is reported only once for each function it appears in
 #define SD_STATUS_ADDR  Status_Reg_1_sts_sts_reg__STATUS_REG
                         ^
main.c:41:24: note: in expansion of macro 'SD_STATUS_ADDR'
     uart_hex8((uint8)((SD_STATUS_ADDR) >> 8u));
                        ^
The command 'arm-none-eabi-gcc.exe' failed with exit code '1'.
--------------- Rebuild Failed: 09/30/2026 22:25:13 ---------------
